$ vp build
✔ [paraglide-js] Compilation complete (message-modules)
[2Ktransforming...✓ 3496 modules transformed.
rendering chunks...
computing gzip size...
dist/client/assets/index-YT6FysJ3.css                                                       51.81 kB │ gzip:  11.58 kB
dist/client/assets/infiniteQueryOptions-Dfvzj6n2.js                                          0.03 kB │ gzip:   0.05 kB
dist/client/assets/queryOptions-Dfvzj6n2.js                                                  0.03 kB │ gzip:   0.05 kB
dist/client/assets/use-business-date-Cs9Lj1FX.js                                             0.09 kB │ gzip:   0.11 kB
dist/client/assets/download-t3CWLtKv.js                                                      0.14 kB │ gzip:   0.13 kB
dist/client/assets/check-CTc5vVHc.js                                                         0.16 kB │ gzip:   0.16 kB
dist/client/assets/plus-BOLbvTXS.js                                                          0.18 kB │ gzip:   0.17 kB
dist/client/assets/arrow-left-BxU2h7vC.js                                                    0.20 kB │ gzip:   0.18 kB
dist/client/assets/arrow-right-DWkp9lPr.js                                                   0.20 kB │ gzip:   0.17 kB
dist/client/assets/upload-Chn5Nun0.js                                                        0.26 kB │ gzip:   0.21 kB
dist/client/assets/download-CJdqVKZ4.js                                                      0.26 kB │ gzip:   0.21 kB
dist/client/assets/entities._entityId.books._bookId.closing-zx4AhMk0.js                      0.27 kB │ gzip:   0.21 kB
dist/client/assets/entities._entityId.books._bookId.tax-5h7J414U.js                          0.27 kB │ gzip:   0.22 kB
dist/client/assets/ClientOnly-Blozpj-m.js                                                    0.29 kB │ gzip:   0.22 kB
dist/client/assets/entities._entityId.books._bookId.reports-DZzR9ch4.js                      0.30 kB │ gzip:   0.22 kB
dist/client/assets/list-checks-D57j6zRf.js                                                   0.31 kB │ gzip:   0.21 kB
dist/client/assets/companies-BklBiFV5.js                                                     0.32 kB │ gzip:   0.23 kB
dist/client/assets/book-open-DAuplNT_.js                                                     0.32 kB │ gzip:   0.24 kB
dist/client/assets/useSelector-DAORGXPB.js                                                   0.33 kB │ gzip:   0.24 kB
dist/client/assets/entities._entityId.books._bookId.purchases-ChHifJH3.js                    0.33 kB │ gzip:   0.24 kB
dist/client/assets/users-4SuKoJop.js                                                         0.34 kB │ gzip:   0.24 kB
dist/client/assets/form-actions-DhfhPNos.js                                                  0.34 kB │ gzip:   0.26 kB
dist/client/assets/circle-CVOf7XSQ.js                                                        0.34 kB │ gzip:   0.23 kB
dist/client/assets/refresh-cw-hJMjlrGs.js                                                    0.35 kB │ gzip:   0.24 kB
dist/client/assets/useNavigate-QjB1JDX5.js                                                   0.39 kB │ gzip:   0.27 kB
dist/client/assets/calendar-clock-RctVEL3b.js                                                0.41 kB │ gzip:   0.27 kB
dist/client/assets/file-text-CA5YZBhW.js                                                     0.42 kB │ gzip:   0.27 kB
dist/client/assets/landmark-Cl7--w4X.js                                                      0.42 kB │ gzip:   0.26 kB
dist/client/assets/HttpApi-BmiXW3I8.js                                                       0.47 kB │ gzip:   0.19 kB
dist/client/assets/routes-DNO2FHqm.js                                                        0.50 kB │ gzip:   0.34 kB
dist/client/assets/entities._entityId.books._bookId.accounts-DRt2kKVc.js                     0.53 kB │ gzip:   0.33 kB
dist/client/assets/work-return-action-CLN_cFYb.js                                            0.53 kB │ gzip:   0.35 kB
dist/client/assets/book-context-Bl_-B7S1.js                                                  0.58 kB │ gzip:   0.35 kB
dist/client/assets/receipt-text-DIgk-28q.js                                                  0.69 kB │ gzip:   0.30 kB
dist/client/assets/entities._entityId.books._bookId-8sqE1C_l.js                              0.83 kB │ gzip:   0.50 kB
dist/client/assets/workspace-CLdTBdGh.js                                                     0.92 kB │ gzip:   0.47 kB
dist/client/assets/badge-Bx5OrquS.js                                                         1.05 kB │ gzip:   0.62 kB
dist/client/assets/document-preview-W87kyJK-.js                                              1.07 kB │ gzip:   0.61 kB
dist/client/assets/supplier-payment-state-DAYqnNiR.js                                        1.13 kB │ gzip:   0.61 kB
dist/client/assets/useInfiniteQuery-DP02wvZ8.js                                              1.15 kB │ gzip:   0.48 kB
dist/client/assets/preload-helper-Czpn1I53.js                                                1.19 kB │ gzip:   0.67 kB
dist/client/assets/choice-field-DZ8It9l1.js                                                  1.31 kB │ gzip:   0.66 kB
dist/client/assets/company-work-D5Lq7Hcl.js                                                  1.31 kB │ gzip:   0.68 kB
dist/client/assets/entities._entityId.books._bookId.reviews._planId.index-CSebTY1l.js        1.31 kB │ gzip:   0.76 kB
dist/client/assets/commerce-panel-Cj4JV5qD.js                                                1.40 kB │ gzip:   0.57 kB
dist/client/assets/record-sheet-DyGR44Ck.js                                                  1.43 kB │ gzip:   0.81 kB
dist/client/assets/workspace-api-DA5SUXt-.js                                                 1.45 kB │ gzip:   0.81 kB
dist/client/assets/journal-review-CDcC3QLO.js                                                1.57 kB │ gzip:   0.75 kB
dist/client/assets/invoice-draft-party-CoC9nGKo.js                                           1.60 kB │ gzip:   0.74 kB
dist/client/assets/company-setup-C4XZ9fwm.js                                                 1.82 kB │ gzip:   0.96 kB
dist/client/assets/invoice-lines-BcJJmk46.js                                                 1.88 kB │ gzip:   0.76 kB
dist/client/assets/disclosure-fyruUqMV.js                                                    2.29 kB │ gzip:   0.77 kB
dist/client/assets/book-readiness-DI-Tgj3b.js                                                2.30 kB │ gzip:   1.08 kB
dist/client/assets/useMutation-gwDk0N7M.js                                                   2.38 kB │ gzip:   0.99 kB
dist/client/assets/record-layout-BJ3N_YQQ.js                                                 2.61 kB │ gzip:   1.09 kB
dist/client/assets/form-dialog-mszNT-ld.js                                                   2.69 kB │ gzip:   0.91 kB
dist/client/assets/runtime-DLX3E6fu.js                                                       2.81 kB │ gzip:   1.27 kB
dist/client/assets/entities._entityId.books._bookId.reviews._planId._revision-BViMt6Md.js    2.89 kB │ gzip:   1.39 kB
dist/client/assets/workflow-C1bd4GgQ.js                                                      3.03 kB │ gzip:   1.14 kB
dist/client/assets/frontend-copy-BVJFeGJ1.js                                                 3.34 kB │ gzip:   1.43 kB
dist/client/assets/useQueries-D1QtClZz.js                                                    3.49 kB │ gzip:   1.50 kB
dist/client/assets/panel-D7E8zrWV.js                                                         3.61 kB │ gzip:   1.39 kB
dist/client/assets/corrections-BbV0b0mM.js                                                   3.66 kB │ gzip:   1.43 kB
dist/client/assets/reconciliation-BF0PPxdA.js                                                3.69 kB │ gzip:   1.55 kB
dist/client/assets/evidence-command-form-CIfLebAG.js                                         3.71 kB │ gzip:   1.93 kB
dist/client/assets/posting-recovery-BmxsIwcE.js                                              3.72 kB │ gzip:   1.32 kB
dist/client/assets/supplier-invoice-drafts-BqUZtZ-i.js                                       3.75 kB │ gzip:   1.45 kB
dist/client/assets/react-dom-CasvO0-w.js                                                     3.87 kB │ gzip:   1.40 kB
dist/client/assets/statement-imports-XS-sU-z8.js                                             3.92 kB │ gzip:   1.83 kB
dist/client/assets/source-intake-ywFXwyIN.js                                                 4.60 kB │ gzip:   1.91 kB
dist/client/assets/attention-C0_qZC6e.js                                                     4.61 kB │ gzip:   1.88 kB
dist/client/assets/entities._entityId.books._bookId.books-BpSRSKOh.js                        4.74 kB │ gzip:   1.91 kB
dist/client/assets/accounting-page-b6fYWN_b.js                                               4.99 kB │ gzip:   1.60 kB
dist/client/assets/evidence-inspector-DHDw97DI.js                                            5.18 kB │ gzip:   2.06 kB
dist/client/assets/banking-workspace-C7UYhUqU.js                                             5.20 kB │ gzip:   2.12 kB
dist/client/assets/register-workspace-0ny4GZjv.js                                            5.45 kB │ gzip:   1.84 kB
dist/client/assets/entities._entityId.books._bookId.index-BsUhNZwd.js                        5.53 kB │ gzip:   2.41 kB
dist/client/assets/closing-pW1h4GlM.js                                                       5.72 kB │ gzip:   2.14 kB
dist/client/assets/reports-BT8KgWnV.js                                                       5.74 kB │ gzip:   2.12 kB
dist/client/assets/copy-BjKrmdfj.js                                                          5.79 kB │ gzip:   2.35 kB
dist/client/assets/workspace-CevN6OKD.js                                                     5.94 kB │ gzip:   2.09 kB
dist/client/assets/expense-tax-Cg8BhAZt.js                                                   6.11 kB │ gzip:   2.34 kB
dist/client/assets/entities._entityId.books._bookId-C2mFwvi1.js                              6.71 kB │ gzip:   2.80 kB
dist/client/assets/company-directory-CcyouHKr.js                                             6.76 kB │ gzip:   3.10 kB
dist/client/assets/workspace-B7xDzmbY.js                                                     6.83 kB │ gzip:   2.83 kB
dist/client/assets/purchase-register-CZB_blzI.js                                             6.90 kB │ gzip:   2.80 kB
dist/client/assets/commerce-CyYLr8n7.js                                                      6.91 kB │ gzip:   2.30 kB
dist/client/assets/bank-report-BP3r9TvS.js                                                   7.17 kB │ gzip:   2.34 kB
dist/client/assets/supplier-recognition-D5-eQd6U.js                                          7.20 kB │ gzip:   2.12 kB
dist/client/assets/shared-C0WqRmjD.js                                                        7.36 kB │ gzip:   3.11 kB
dist/client/assets/results-b73L2UVj.js                                                       7.71 kB │ gzip:   2.85 kB
dist/client/assets/allocations-nmW2wJWx.js                                                   7.93 kB │ gzip:   2.69 kB
dist/client/assets/copy-BY6zxz1J.js                                                          8.00 kB │ gzip:   3.09 kB
dist/client/assets/useQuery-D9DagwHw.js                                                      8.03 kB │ gzip:   2.97 kB
dist/client/assets/copy-CHdK2zxA.js                                                          8.10 kB │ gzip:   3.18 kB
dist/client/assets/work-return-CA5Jq3v6.js                                                   8.16 kB │ gzip:   3.56 kB
dist/client/assets/DialogTitle-Cji5UNMi.js                                                   8.25 kB │ gzip:   3.10 kB
dist/client/assets/source-intake-BD0ysPvT.js                                                 8.25 kB │ gzip:   2.84 kB
dist/client/assets/bank-statement-Fv95HgfB.js                                                8.45 kB │ gzip:   3.27 kB
dist/client/assets/entities._entityId.books._bookId.tools-BrbO4D2R.js                        8.74 kB │ gzip:   3.52 kB
dist/client/assets/copy-CRys7cLn.js                                                          9.04 kB │ gzip:   3.44 kB
dist/client/assets/saved-requests-CFaap5pu.js                                                9.16 kB │ gzip:   2.88 kB
dist/client/assets/copy-mqY9zi28.js                                                          9.31 kB │ gzip:   3.69 kB
dist/client/assets/allocation-reversals-AmAXN1UT.js                                          9.43 kB │ gzip:   3.52 kB
dist/client/assets/lazyRouteComponent-Do7g2x1d.js                                            9.47 kB │ gzip:   4.06 kB
dist/client/assets/invoice-drafts-Sho25wyH.js                                                9.80 kB │ gzip:   3.36 kB
dist/client/assets/review-CjPF4FW5.js                                                       10.44 kB │ gzip:   3.35 kB
dist/client/assets/corrections-panel-CRWYmMiA.js                                            10.78 kB │ gzip:   3.20 kB
dist/client/assets/copy-Bduh6eBO.js                                                         10.83 kB │ gzip:   3.96 kB
dist/client/assets/trial-balance-CuAgzNuC.js                                                11.49 kB │ gzip:   3.72 kB
dist/client/assets/copy-BSd_boJZ.js                                                         11.75 kB │ gzip:   4.06 kB
dist/client/assets/tabs-Dsp-5u1c.js                                                         12.07 kB │ gzip:   4.88 kB
dist/client/assets/invoice-draft-copy-BFspdtmg.js                                           12.31 kB │ gzip:   4.56 kB
dist/client/assets/subledger-controls-DfNeElGB.js                                           12.38 kB │ gzip:   3.28 kB
dist/client/assets/register-reports-DXtJvJtx.js                                             12.45 kB │ gzip:   4.39 kB
dist/client/assets/allocation-reversal-review-BMUY1xCs.js                                   12.84 kB │ gzip:   4.50 kB
dist/client/assets/owner-register-Bdd1N9-O.js                                               13.13 kB │ gzip:   3.50 kB
dist/client/assets/sales-workspace-CcdiGfQV.js                                              13.18 kB │ gzip:   5.02 kB
dist/client/assets/intake-CqE2afQw.js                                                       13.42 kB │ gzip:   5.31 kB
dist/client/assets/copy-Dms4aEqp.js                                                         13.88 kB │ gzip:   5.07 kB
dist/client/assets/actual-panel-Dib-TMrE.js                                                 14.43 kB │ gzip:   5.28 kB
dist/client/assets/counterparties-ClmtBeGk.js                                               14.52 kB │ gzip:   5.53 kB
dist/client/assets/accounting-errors-C7NXacIs.js                                            14.71 kB │ gzip:   5.55 kB
dist/client/assets/workspace-BpTnOhfU.js                                                    14.84 kB │ gzip:   5.65 kB
dist/client/assets/copy-ByuBnxy_.js                                                         14.91 kB │ gzip:   5.48 kB
dist/client/assets/query-LSyYGofS.js                                                        15.08 kB │ gzip:   5.22 kB
dist/client/assets/contact-editor-CJ32qE4H.js                                               15.23 kB │ gzip:   6.08 kB
dist/client/assets/panel-DSGuejzc.js                                                        15.44 kB │ gzip:   4.31 kB
dist/client/assets/vat-returns-D1V6OWBb.js                                                  16.33 kB │ gzip:   4.97 kB
dist/client/assets/report-workspace-BMvFhxMu.js                                             16.47 kB │ gzip:   6.01 kB
dist/client/assets/notice-uVg1Z3Tt.js                                                       17.02 kB │ gzip:   5.91 kB
dist/client/assets/case-snapshots-DoI4h1FJ.js                                               17.60 kB │ gzip:   5.23 kB
dist/client/assets/correction-review-CWszLqb7.js                                            17.98 kB │ gzip:   6.08 kB
dist/client/assets/finance-area-C9Xq-lXP.js                                                 18.01 kB │ gzip:   5.35 kB
dist/client/assets/entities._entityId.books._bookId.setup-Yn9F6Rf9.js                       18.53 kB │ gzip:   6.30 kB
dist/client/assets/posted-records-BHwLiX-O.js                                               18.59 kB │ gzip:   5.84 kB
dist/client/assets/firms-Du7gpU7v.js                                                        18.94 kB │ gzip:   6.96 kB
dist/client/assets/workspace-6HeDw_VU.js                                                    19.81 kB │ gzip:   6.66 kB
dist/client/assets/panel-BNW5wfzw.js                                                        20.33 kB │ gzip:   6.79 kB
dist/client/assets/customer-invoice-defaults-Dww4w6mC.js                                    20.59 kB │ gzip:   6.91 kB
dist/client/assets/entities._entityId.books._bookId.banking-setup-UHei6jPT.js               21.22 kB │ gzip:   6.56 kB
dist/client/assets/workspace-C5BsjrD5.js                                                    22.34 kB │ gzip:   5.63 kB
dist/client/assets/supplier-payment-files-Bgq87f5N.js                                       23.75 kB │ gzip:   7.31 kB
dist/client/assets/document-inbox-C4M1U0-3.js                                               25.04 kB │ gzip:   8.11 kB
dist/client/assets/panel-B3FRYNn2.js                                                        25.22 kB │ gzip:   7.90 kB
dist/client/assets/copy-JgflKp5N.js                                                         25.28 kB │ gzip:   7.46 kB
dist/client/assets/entities._entityId.books._bookId.settings-CuHYq7b1.js                    26.96 kB │ gzip:   7.75 kB
dist/client/assets/panel-Dkn83uNu.js                                                        27.32 kB │ gzip:   8.64 kB
dist/client/assets/accounting-workspace-BwRmvy3z.js                                         27.60 kB │ gzip:   7.55 kB
dist/client/assets/reclassification-panel-BWFQt-8s.js                                       29.92 kB │ gzip:   8.65 kB
dist/client/assets/company-profiles-BSSvf5Va.js                                             31.67 kB │ gzip:   9.02 kB
dist/client/assets/data-table-_0uhrpiD.js                                                   31.78 kB │ gzip:   8.97 kB
dist/client/assets/entities._entityId.books._bookId.overview-DZRDxfhF.js                    32.40 kB │ gzip:  10.02 kB
dist/client/assets/recurring-preparation-CXApzjQe.js                                        32.55 kB │ gzip:   8.16 kB
dist/client/assets/owner-register-panel-B1CKS6bg.js                                         33.50 kB │ gzip:  10.15 kB
dist/client/assets/bank-account-workspace-eLSm9Jnc.js                                       33.72 kB │ gzip:  10.92 kB
dist/client/assets/entities._entityId.books._bookId.work-BrR6OE0C.js                        35.48 kB │ gzip:  11.51 kB
dist/client/assets/typography-BAjsOIv6.js                                                   35.88 kB │ gzip:  11.94 kB
dist/client/assets/panel-B5RMY-gw.js                                                        37.05 kB │ gzip:  10.69 kB
dist/client/assets/panel-W5Yst-jm.js                                                        39.56 kB │ gzip:  11.71 kB
dist/client/assets/panel-D5gC1sOw.js                                                        40.86 kB │ gzip:  12.39 kB
dist/client/assets/invoices-6Ye02zEL.js                                                     45.52 kB │ gzip:  12.69 kB
dist/client/assets/schedules-BybKCGoV.js                                                    45.82 kB │ gzip:  11.27 kB
dist/client/assets/chevron-down-e3WuYgTy.js                                                 48.77 kB │ gzip:  17.09 kB
dist/client/assets/entities._entityId.books._bookId.sales-oFjIi-DO.js                       53.39 kB │ gzip:  15.94 kB
dist/client/assets/book-workspace-D243bQ8S.js                                               53.46 kB │ gzip:  19.86 kB
dist/client/assets/invoice-draft-issue-overlay-DmPklCpa.js                                  53.58 kB │ gzip:  17.04 kB
dist/client/assets/accounting-status-B3pFyHz-.js                                            53.75 kB │ gzip:  16.03 kB
dist/client/assets/useForm-D8q8EAPR.js                                                      59.08 kB │ gzip:  14.11 kB
dist/client/assets/entities._entityId.books._bookId.history-Atw5JthX.js                     66.87 kB │ gzip:  16.76 kB
dist/client/assets/supplier-invoice-drafts-Dw_qsGWY.js                                      76.72 kB │ gzip:  22.09 kB
dist/client/assets/field-DWTRCqGj.js                                                        76.75 kB │ gzip:  27.95 kB
dist/client/assets/invoice-issuance-Ct_J7Osr.js                                             82.82 kB │ gzip:  22.90 kB
dist/client/assets/with-selector-CLUNsdLB.js                                               129.91 kB │ gzip:  42.73 kB
dist/client/assets/index-xzA7L583.js                                                       338.12 kB │ gzip: 107.77 kB

✓ built in 9.38s
[33m[PLUGIN_TIMINGS] [0mYour build spent 95% of 9.4s inside plugin hooks (8.9s).
Measured inside the callback, so queue time is excluded and time the callback itself awaited is not:
  - unplugin-paraglide-js buildStart (72%, 6.7s, 1 call)
Those rows are 72% of the build; the rest of the 95% is below.
Not measurable — 1 hook whose calls overlap, so elapsed time covers work other calls were doing. Profile with `node --cpu-prof`:
  - tanstack-start-core:import-protection resolveId (13310 calls)
See https://rolldown.rs/reference/InputOptions.checks#plugintimings for more details.

ℹ [paraglide-js] Compilation skipped — inputs unchanged (message-modules)
[2Ktransforming...✓ 1360 modules transformed.
rendering chunks...
computing gzip size...
dist/server/assets/start-Dv79nk_x.js                                                         0.21 kB │ gzip:  0.17 kB
dist/server/assets/use-business-date-BiKqlk_2.js                                             0.22 kB │ gzip:  0.17 kB
dist/server/assets/empty-plugin-adapters-CRmm9IFd.js                                         0.28 kB │ gzip:  0.18 kB
dist/server/assets/download-fYQWvd9-.js                                                      0.31 kB │ gzip:  0.22 kB
dist/server/assets/use-page-locale-B5v0FAog.js                                               0.34 kB │ gzip:  0.24 kB
dist/server/assets/entities._entityId.books._bookId-CPIhIdj7.js                              0.40 kB │ gzip:  0.24 kB
dist/server/assets/entities._entityId.books._bookId.closing-CRW7lBlw.js                      0.47 kB │ gzip:  0.30 kB
dist/server/assets/form-actions-CTQ49qUG.js                                                  0.47 kB │ gzip:  0.33 kB
dist/server/assets/entities._entityId.books._bookId.tax-DxJ0bTq-.js                          0.49 kB │ gzip:  0.31 kB
dist/server/assets/entities._entityId.books._bookId.reports-CINaynid.js                      0.51 kB │ gzip:  0.31 kB
dist/server/assets/companies-zplpVVdc.js                                                     0.56 kB │ gzip:  0.33 kB
dist/server/assets/link-Dmyh4TRE.js                                                          0.58 kB │ gzip:  0.33 kB
dist/server/assets/entities._entityId.books._bookId.work-RZSdjoDD.js                         0.58 kB │ gzip:  0.34 kB
dist/server/assets/entities._entityId.books._bookId.purchases-CUShURka.js                    0.59 kB │ gzip:  0.34 kB
dist/server/assets/entities._entityId.books._bookId.closing-CBNhCUA5.js                      0.61 kB │ gzip:  0.34 kB
dist/server/assets/entities._entityId.books._bookId.reviews._planId.index-Q7lqZeW3.js        0.63 kB │ gzip:  0.36 kB
dist/server/assets/entities._entityId.books._bookId.reviews._planId._revision-sl4tKxfY.js    0.65 kB │ gzip:  0.37 kB
dist/server/assets/entities._entityId.books._bookId.reports-6vcyEUuE.js                      0.66 kB │ gzip:  0.34 kB
dist/server/assets/entities._entityId.books._bookId.accounts-DP0Lrz3g.js                     0.68 kB │ gzip:  0.39 kB
dist/server/assets/entities._entityId.books._bookId.history-KrWbrDaQ.js                      0.71 kB │ gzip:  0.38 kB
dist/server/assets/entities._entityId.books._bookId.banking-setup-Dci2zZOY.js                0.75 kB │ gzip:  0.41 kB
dist/server/assets/entities._entityId.books._bookId.tax-DCaRelsy.js                          0.83 kB │ gzip:  0.42 kB
dist/server/assets/entities._entityId.books._bookId.purchases-C7ih9Rgw.js                    0.87 kB │ gzip:  0.45 kB
dist/server/assets/entities._entityId.books._bookId.tools-Cat5peZN.js                        0.88 kB │ gzip:  0.47 kB
dist/server/assets/routes-BFQScQk_.js                                                        0.88 kB │ gzip:  0.48 kB
dist/server/assets/entities._entityId.books._bookId.accounts-zIziGVw7.js                     0.89 kB │ gzip:  0.45 kB
dist/server/assets/book-context-Cpta9MEy.js                                                  0.92 kB │ gzip:  0.42 kB
dist/server/assets/work-return-action-CSB39JS0.js                                            0.97 kB │ gzip:  0.50 kB
dist/server/assets/accounting-errors-BHcP3yQC.js                                             1.15 kB │ gzip:  0.60 kB
dist/server/assets/entities._entityId.books._bookId.books-BCc7Z2Ey.js                        1.39 kB │ gzip:  0.58 kB
dist/server/assets/supplier-payment-state-FFBFBlcX.js                                        1.49 kB │ gzip:  0.73 kB
dist/server/assets/badge-DeojvOVK.js                                                         1.51 kB │ gzip:  0.73 kB
dist/server/assets/workspace-BbXgCQYi.js                                                     1.53 kB │ gzip:  0.62 kB
dist/server/assets/entities._entityId.books._bookId-DsoZE4BO.js                              1.54 kB │ gzip:  0.71 kB
dist/server/assets/document-preview-DVrrAjQH.js                                              1.56 kB │ gzip:  0.74 kB
dist/server/assets/entities._entityId.books._bookId.sales-DK4z3UJ_.js                        1.71 kB │ gzip:  0.64 kB
dist/server/assets/choice-field-DdSASvy6.js                                                  1.92 kB │ gzip:  0.84 kB
dist/server/assets/record-sheet-CLb1Esrl.js                                                  2.18 kB │ gzip:  1.07 kB
dist/server/assets/accounting-api-KKUgp7ZL.js                                                2.38 kB │ gzip:  1.08 kB
dist/server/assets/company-work-D5ml6rBR.js                                                  2.48 kB │ gzip:  0.96 kB
dist/server/assets/commerce-panel-Cy_6qtBG.js                                                2.51 kB │ gzip:  0.80 kB
dist/server/assets/entities._entityId.books._bookId.reviews._planId.index-D5Cwm8GD.js        2.52 kB │ gzip:  1.10 kB
dist/server/assets/invoice-draft-party-BJe3y3sg.js                                           2.64 kB │ gzip:  0.95 kB
dist/server/assets/disclosure-CHG8gGwV.js                                                    2.74 kB │ gzip:  0.81 kB
dist/server/assets/journal-review-JKRk2-V_.js                                                2.74 kB │ gzip:  0.99 kB
dist/server/assets/invoice-lines-4ycvJLsp.js                                                 2.76 kB │ gzip:  0.98 kB
dist/server/assets/workspace-api-CXpmdhNF.js                                                 2.80 kB │ gzip:  1.20 kB
dist/server/assets/company-setup-BB_7rV4H.js                                                 3.27 kB │ gzip:  1.24 kB
dist/server/assets/form-dialog-oi_s2OW6.js                                                   3.42 kB │ gzip:  1.11 kB
dist/server/assets/frontend-copy-Ccnc-m0d.js                                                 3.80 kB │ gzip:  1.52 kB
dist/server/assets/record-layout-BUwgSBpN.js                                                 3.84 kB │ gzip:  1.39 kB
dist/server/assets/workflow-BK6jr19s.js                                                      4.05 kB │ gzip:  1.37 kB
dist/server/assets/book-readiness-CIWIABBf.js                                                4.08 kB │ gzip:  1.40 kB
dist/server/assets/firms-CMH-ovW3.js                                                         4.27 kB │ gzip:  1.27 kB
dist/server/assets/entities._entityId.books._bookId.reviews._planId._revision-BYVrOxS6.js    4.89 kB │ gzip:  1.88 kB
dist/server/assets/statement-imports-CZnZJYMR.js                                             6.01 kB │ gzip:  2.24 kB
dist/server/assets/attention-C-xPdCRI.js                                                     6.01 kB │ gzip:  2.17 kB
dist/server/assets/with-selector-DDgsaDEa.js                                                 6.07 kB │ gzip:  1.66 kB
dist/server/assets/register-workspace-CHyX-dbj.js                                            6.18 kB │ gzip:  1.82 kB
dist/server/assets/evidence-command-form-CY81O7Wd.js                                         6.24 kB │ gzip:  2.50 kB
dist/server/assets/copy-BR8VJO7U.js                                                          6.30 kB │ gzip:  2.44 kB
dist/server/assets/panel-C4TDqx_x.js                                                         6.44 kB │ gzip:  1.87 kB
dist/server/assets/accounting-page-dD8VqmrD.js                                               6.60 kB │ gzip:  1.88 kB
dist/server/assets/entities._entityId.books._bookId.tools-BjXelBcQ.js                        6.68 kB │ gzip:  2.19 kB
dist/server/assets/work-return-Bbeo1p3a.js                                                   6.93 kB │ gzip:  1.97 kB
dist/server/assets/corrections-BfqexDdf.js                                                   8.04 kB │ gzip:  1.96 kB
dist/server/assets/source-intake-BBhsfMBi.js                                                 8.05 kB │ gzip:  2.52 kB
dist/server/assets/banking-workspace-5IUBrJq5.js                                             8.09 kB │ gzip:  2.63 kB
dist/server/assets/supplier-invoice-drafts-XEhRHXhu.js                                       8.11 kB │ gzip:  1.97 kB
dist/server/assets/posting-recovery-B9JmEOwq.js                                              8.19 kB │ gzip:  1.87 kB
dist/server/assets/reconciliation-CY-Vc7Y5.js                                                8.35 kB │ gzip:  2.10 kB
dist/server/assets/entities._entityId.books._bookId.books-z3TyBvsB.js                        8.42 kB │ gzip:  2.54 kB
dist/server/assets/copy-Cu-aC-CO.js                                                          8.66 kB │ gzip:  3.20 kB
dist/server/assets/copy-Dl6Ku7xY.js                                                          8.72 kB │ gzip:  3.27 kB
dist/server/assets/evidence-inspector-BDbLuu3p.js                                            9.14 kB │ gzip:  2.77 kB
dist/server/assets/entities._entityId.books._bookId.index-LSYDXGrA.js                        9.55 kB │ gzip:  3.04 kB
dist/server/assets/copy-CvNcfjp5.js                                                          9.63 kB │ gzip:  3.54 kB
dist/server/assets/copy-DWdTgm02.js                                                         10.00 kB │ gzip:  3.78 kB
dist/server/assets/company-directory-BnP9DjrZ.js                                            10.44 kB │ gzip:  3.84 kB
dist/server/assets/purchase-register-Cdt7Rekz.js                                            11.25 kB │ gzip:  3.50 kB
dist/server/assets/reports-CxaLzLwm.js                                                      11.43 kB │ gzip:  2.67 kB
dist/server/assets/workspace-CHyyOi2P.js                                                    11.60 kB │ gzip:  4.00 kB
dist/server/assets/copy-Bvkw0wY_.js                                                         11.60 kB │ gzip:  4.07 kB
dist/server/assets/expense-tax-CQ9A20GK.js                                                  11.90 kB │ gzip:  2.99 kB
dist/server/assets/bank-report-CK18XVrB.js                                                  12.07 kB │ gzip:  2.95 kB
dist/server/assets/closing-DyDqUbp6.js                                                      12.09 kB │ gzip:  2.76 kB
dist/server/assets/workspace-CGXBNAzD.js                                                    12.23 kB │ gzip:  2.74 kB
dist/server/assets/copy-Bh1O4IdL.js                                                         12.60 kB │ gzip:  4.18 kB
dist/server/assets/shared-CEGGxXtR.js                                                       12.62 kB │ gzip:  4.06 kB
dist/server/assets/bank-statement-DscQ9bMc.js                                               12.76 kB │ gzip:  3.67 kB
dist/server/assets/allocation-reversals-D3kKlcnY.js                                         14.19 kB │ gzip:  4.12 kB
dist/server/assets/router-BaVWJU_g.js                                                       14.42 kB │ gzip:  3.39 kB
dist/server/assets/allocations-lwr65InI.js                                                  14.51 kB │ gzip:  3.59 kB
dist/server/assets/supplier-recognition-DxnaCaGI.js                                         14.60 kB │ gzip:  2.82 kB
dist/server/assets/copy-CFgpeTR8.js                                                         14.73 kB │ gzip:  5.16 kB
dist/server/assets/_tanstack-start-manifest_v-CmLkXj0a.js                                   14.76 kB │ gzip:  2.32 kB
dist/server/assets/commerce-CLgV0Lo2.js                                                     14.79 kB │ gzip:  3.02 kB
dist/server/assets/results-CcoEARRl.js                                                      14.84 kB │ gzip:  3.86 kB
dist/server/assets/invoice-draft-copy-DK5Ob4DE.js                                           15.04 kB │ gzip:  5.00 kB
dist/server/assets/saved-requests-DGdy63mQ.js                                               15.63 kB │ gzip:  3.75 kB
dist/server/assets/finance-area-Bx41WQ_B.js                                                 15.69 kB │ gzip:  3.71 kB
dist/server/assets/accounting-BlMH-tvR.js                                                   16.03 kB │ gzip:  3.92 kB
dist/server/assets/runtime-Bd34Apqj.js                                                      17.17 kB │ gzip:  5.58 kB
dist/server/assets/source-intake-BzPKXm5s.js                                                17.35 kB │ gzip:  3.66 kB
dist/server/assets/review-DOELoCzp.js                                                       18.35 kB │ gzip:  4.47 kB
dist/server/assets/copy-A7m5-O0N.js                                                         18.82 kB │ gzip:  6.01 kB
dist/server/assets/trial-balance-Dj6Xcl6v.js                                                19.59 kB │ gzip:  4.51 kB
dist/server/assets/intake-CVhBUXpp.js                                                       20.19 kB │ gzip:  6.38 kB
dist/server/assets/corrections-panel-DJ3xD7dh.js                                            20.25 kB │ gzip:  4.34 kB
dist/server/assets/counterparties-DGFYmGCZ.js                                               20.82 kB │ gzip:  5.96 kB
dist/server/assets/DialogTitle-jR6GW9or.js                                                  21.26 kB │ gzip:  5.38 kB
dist/server/assets/sales-workspace-BRRUZuBh.js                                              21.69 kB │ gzip:  6.07 kB
dist/server/assets/invoice-drafts-kagXu_nf.js                                               21.92 kB │ gzip:  4.41 kB
dist/server/assets/allocation-reversal-review-hMGmj2gW.js                                   21.99 kB │ gzip:  5.63 kB
dist/server/assets/actual-panel-oYHItRbG.js                                                 22.39 kB │ gzip:  6.22 kB
dist/server/assets/workspace-DonI2BAy.js                                                    22.45 kB │ gzip:  6.61 kB
dist/server/assets/register-reports-Cw5Xd8iW.js                                             22.86 kB │ gzip:  5.62 kB
dist/server/assets/report-workspace-Ds4YeHeX.js                                             23.01 kB │ gzip:  6.50 kB
dist/server/assets/contact-editor-BrXlQFP7.js                                               25.23 kB │ gzip:  7.46 kB
dist/server/assets/subledger-controls-4_dIaFDA.js                                           25.61 kB │ gzip:  4.14 kB
dist/server/assets/copy-8q2UZwtn.js                                                         26.47 kB │ gzip:  7.60 kB
dist/server/assets/correction-review-CSH_YluX.js                                            26.89 kB │ gzip:  7.18 kB
dist/server/assets/owner-register-C11id4hD.js                                               27.13 kB │ gzip:  4.54 kB
dist/server/assets/panel-DTVSg27g.js                                                        28.08 kB │ gzip:  5.64 kB
dist/server/assets/entities._entityId.books._bookId.setup-DcZsT23F.js                       29.35 kB │ gzip:  7.65 kB
dist/server/assets/notice-DWYhHeB-.js                                                       30.22 kB │ gzip:  7.31 kB
dist/server/assets/panel-ByXF0081.js                                                        30.56 kB │ gzip:  7.99 kB
dist/server/assets/customer-invoice-defaults-CP1ZGNRL.js                                    31.26 kB │ gzip:  7.98 kB
dist/server/assets/firms-xzcGKc5_.js                                                        31.35 kB │ gzip:  8.67 kB
dist/server/assets/tabs-Bx0wYe_5.js                                                         31.95 kB │ gzip:  7.57 kB
dist/server/assets/case-snapshots-UMzcA3nU.js                                               32.06 kB │ gzip:  6.75 kB
dist/server/assets/vat-returns-CtGJ7eFL.js                                                  33.13 kB │ gzip:  6.21 kB
dist/server/assets/workspace-Cj0AODPt.js                                                    34.44 kB │ gzip:  8.61 kB
dist/server/assets/posted-records-CoYvye2m.js                                               34.46 kB │ gzip:  7.65 kB
dist/server/assets/entities._entityId.books._bookId.banking-setup-UBgPbAZb.js               34.93 kB │ gzip:  7.95 kB
dist/server/assets/panel-BWUmPtYe.js                                                        38.77 kB │ gzip:  9.32 kB
dist/server/assets/document-inbox-DpkV9FIm.js                                               39.14 kB │ gzip:  9.77 kB
dist/server/assets/accounting-workspace-B_1XJGsx.js                                         39.14 kB │ gzip:  7.58 kB
dist/server/assets/supplier-payment-files-Dnlpn3Uh.js                                       40.60 kB │ gzip:  9.21 kB
dist/server/assets/workspace-ZC2GtXQl.js                                                    41.05 kB │ gzip:  7.61 kB
dist/server/assets/panel-CJReIlD2.js                                                        43.38 kB │ gzip: 10.58 kB
dist/server/assets/reclassification-panel-DYyWWWyZ.js                                       46.91 kB │ gzip: 10.23 kB
dist/server/assets/owner-register-panel-Chg_da1y.js                                         50.75 kB │ gzip: 11.89 kB
dist/server/assets/entities._entityId.books._bookId.settings-yhHB6LQG.js                    51.21 kB │ gzip: 10.10 kB
dist/server/assets/bank-account-workspace-6hTBinZT.js                                       54.89 kB │ gzip: 13.69 kB
dist/server/assets/entities._entityId.books._bookId.overview-VF_3IWpV.js                    56.72 kB │ gzip: 12.45 kB
dist/server/assets/accounting-status-CqcZlNdU.js                                            57.29 kB │ gzip: 16.40 kB
dist/server/assets/recurring-preparation-CftPOimY.js                                        57.39 kB │ gzip: 10.44 kB
dist/server/assets/panel-D_Vm5oqX2.js                                                       58.70 kB │ gzip: 12.48 kB
dist/server/assets/entities._entityId.books._bookId.work-DX3lRv_4.js                        61.54 kB │ gzip: 14.99 kB
dist/server/assets/panel-DYyaSGD-.js                                                        62.57 kB │ gzip: 14.59 kB
dist/server/assets/company-profiles-DhNBCPaX.js                                             63.17 kB │ gzip: 11.17 kB
dist/server/assets/typography-v0b4UJ6P.js                                                   65.75 kB │ gzip: 16.94 kB
dist/server/assets/panel-CwI-Ox1w.js                                                        67.51 kB │ gzip: 15.40 kB
dist/server/assets/invoices-DeheTngc.js                                                     75.13 kB │ gzip: 16.31 kB
dist/server/assets/schedules-CBm34k49.js                                                    81.04 kB │ gzip: 15.25 kB
dist/server/assets/invoice-draft-issue-overlay-DagvDIsC.js                                  89.97 kB │ gzip: 22.14 kB
dist/server/assets/book-workspace-BLjNQXgP.js                                               93.43 kB │ gzip: 25.27 kB
dist/server/assets/entities._entityId.books._bookId.sales-CJ1JyzLN.js                       94.37 kB │ gzip: 20.55 kB
dist/server/assets/data-table-CTFFKP_g.js                                                  105.31 kB │ gzip: 25.24 kB
dist/server/assets/entities._entityId.books._bookId.history-Yj5An1TO.js                    110.03 kB │ gzip: 20.76 kB
dist/server/assets/supplier-invoice-drafts-YkZ7kGGF.js                                     128.10 kB │ gzip: 28.40 kB
dist/server/assets/invoice-issuance-CnfMtT4b.js                                            134.71 kB │ gzip: 28.74 kB
dist/server/assets/composite-EYFCdFKI.js                                                   138.02 kB │ gzip: 33.07 kB
dist/server/assets/field-i-KPlROB.js                                                       197.58 kB │ gzip: 45.39 kB
dist/server/server.js                                                                      237.71 kB │ gzip: 55.11 kB

✓ built in 1.42s
[prerender] Prerendering pages...
[prerender] Concurrency: 8
[prerender] Crawling: /
[prerender] Crawling: /companies
[prerender] Crawling: /firms
[prerender] Crawling: /intake
[prerender] Prerendered 4 pages:
[prerender] - /
[prerender] - /companies
[prerender] - /firms
[prerender] - /intake
