2026-10-03 21:37:15.722 CEST [9159] LOG:  starting PostgreSQL 17.11 (Homebrew) on aarch64-apple-darwin25.6.0, compiled by Apple clang version 21.0.0 (clang-2100.1.1.101), 64-bit
2026-10-03 21:37:15.723 CEST [9159] LOG:  listening on IPv4 address "127.0.0.1", port 60389
2026-10-03 21:37:15.723 CEST [9159] LOG:  listening on Unix socket "/var/folders/50/zdx6l4px2wg7wh8q7_78g2qr0000gn/T/openerp-e2e-pJwS8y/.s.PGSQL.60389"
2026-10-03 21:37:15.725 CEST [9162] LOG:  database system was shut down at 2026-10-03 21:37:15 CEST
2026-10-03 21:37:15.727 CEST [9159] LOG:  database system is ready to accept connections
2026-10-03 21:37:22.024 CEST [9373] ERROR:  Accounting history is append-only. Create a linked correction.
2026-10-03 21:37:22.024 CEST [9373] DETAIL:  Forbidden
2026-10-03 21:37:22.024 CEST [9373] CONTEXT:  PL/pgSQL function fail(text,text) line 3 at RAISE
	SQL statement "SELECT openerp.fail('Forbidden', 'Accounting history is append-only. Create a linked correction.')"
	PL/pgSQL function immutable_row() line 3 at PERFORM
2026-10-03 21:37:22.024 CEST [9373] STATEMENT:  update openerp.cash_bases set id=id where book_id=$1 and id=$2
2026-10-03 21:37:22.025 CEST [9373] ERROR:  Accounting history is append-only. Create a linked correction.
2026-10-03 21:37:22.025 CEST [9373] DETAIL:  Forbidden
2026-10-03 21:37:22.025 CEST [9373] CONTEXT:  PL/pgSQL function fail(text,text) line 3 at RAISE
	SQL statement "SELECT openerp.fail('Forbidden', 'Accounting history is append-only. Create a linked correction.')"
	PL/pgSQL function immutable_row() line 3 at PERFORM
2026-10-03 21:37:22.025 CEST [9373] STATEMENT:  delete from openerp.cash_bases where book_id=$1 and id=$2
2026-10-03 21:37:22.032 CEST [9373] ERROR:  new row for relation "cash_bases" violates check constraint "cash_bases_body_check"
2026-10-03 21:37:22.032 CEST [9373] DETAIL:  Failing row contains (book_df3a64fe7382104b, cash_tampered_digest, {"id": "cash_tampered_digest", "asOf": "2026-10-03", "input": {"..., {"actorId":"operator_df3a64fe7382104b","asOf":"2026-10-03","capt..., f7e3b51d2c1a7032e27f8035dfc6ae49788ea9eb3bca77e8d723a18dabb0d490, 21631).
2026-10-03 21:37:22.032 CEST [9373] STATEMENT:  
	      with changed as (
	        select body || jsonb_build_object('id','cash_tampered_digest','digest','sha256:' || repeat('0',64)) as body
	        from openerp.cash_bases where book_id=$1 and id=$2
	      ), rendered as (select body, openerp.canonical(body) as content from changed)
	      insert into openerp.cash_bases(book_id,id,body,content,sha256,byte_length)
	      select $1,'cash_tampered_digest',body,content,encode(sha256(convert_to(content,'UTF8')),'hex'),octet_length(content)
	      from rendered
	    
2026-10-03 21:37:22.280 CEST [9159] LOG:  received immediate shutdown request
2026-10-03 21:37:22.289 CEST [9159] LOG:  database system is shut down
